{"jsonrpc":"2.0","id":1,"error":{"code":-32602,"data":{"state":{"format":"KORE","version":1,"term":{"invalid":"format"}}},"message":"Invalid params"}}
