<T>
  <k>
    a ~> .K
  </k>
  <s1>
    b |-> 2
    c |-> 3
  </s1>
</T>
