<T>
  <k>
    ready ~> .K
  </k>
  <a>
    .Set
  </a>
  <b>
    SetItem ( x )
    SetItem ( z )
  </b>
</T>
