<T>
  <k>
    #lookup ( 3 |-> success , 3 ) ~> .K
  </k>
  <a>
    3 |-> success
  </a>
</T>
