{"jsonrpc":"2.0","id":1,"error":{"code":4,"data":{"context":["LHS: /* T Fn D Sfa */ ConfigX:SortK{}","RHS: /* Spa */ \\and{SortK{}}( /* T Fn D Sfa */ ConfigY:SortK{}, /* T Fn D Sfa */ ConfigZ:SortK{} )","existentials: [ConfigZ]"],"error":"The RHS must not have free variables not present in the LHS: ConfigY"},"message":"Implication check error"}}
