{"jsonrpc":"2.0","id":1,"result":{"reason":"branching","depth":0,"state":{"term":{"format":"KORE","version":1,"term":{"tag":"App","name":"Lbl'-LT-'generatedTop'-GT-'","sorts":[],"args":[{"tag":"App","name":"Lbl'-LT-'T'-GT-'","sorts":[],"args":[{"tag":"App","name":"Lbl'-LT-'k'-GT-'","sorts":[],"args":[{"tag":"App","name":"kseq","sorts":[],"args":[{"tag":"App","name":"inj","sorts":[{"tag":"SortApp","name":"SortState","args":[]},{"tag":"SortApp","name":"SortKItem","args":[]}],"args":[{"tag":"DV","sort":{"tag":"SortApp","name":"SortState","args":[]},"value":"a"}]},{"tag":"App","name":"dotk","sorts":[],"args":[]}]}]},{"tag":"App","name":"Lbl'-LT-'val'-GT-'","sorts":[],"args":[{"tag":"EVar","name":"X","sort":{"tag":"SortApp","name":"SortInt","args":[]}}]}]},{"tag":"App","name":"Lbl'-LT-'generatedCounter'-GT-'","sorts":[],"args":[{"tag":"DV","sort":{"tag":"SortApp","name":"SortInt","args":[]},"value":"0"}]}]}}},"next-states":[{"term":{"format":"KORE","version":1,"term":{"tag":"App","name":"Lbl'-LT-'generatedTop'-GT-'","sorts":[],"args":[{"tag":"App","name":"Lbl'-LT-'T'-GT-'","sorts":[],"args":[{"tag":"App","name":"Lbl'-LT-'k'-GT-'","sorts":[],"args":[{"tag":"App","name":"kseq","sorts":[],"args":[{"tag":"App","name":"inj","sorts":[{"tag":"SortApp","name":"SortState","args":[]},{"tag":"SortApp","name":"SortKItem","args":[]}],"args":[{"tag":"DV","sort":{"tag":"SortApp","name":"SortState","args":[]},"value":"c"}]},{"tag":"App","name":"dotk","sorts":[],"args":[]}]}]},{"tag":"App","name":"Lbl'-LT-'val'-GT-'","sorts":[],"args":[{"tag":"EVar","name":"X","sort":{"tag":"SortApp","name":"SortInt","args":[]}}]}]},{"tag":"App","name":"Lbl'-LT-'generatedCounter'-GT-'","sorts":[],"args":[{"tag":"DV","sort":{"tag":"SortApp","name":"SortInt","args":[]},"value":"0"}]}]}},"predicate":{"format":"KORE","version":1,"term":{"tag":"Not","sort":{"tag":"SortApp","name":"SortGeneratedTopCell","args":[]},"arg":{"tag":"Equals","argSort":{"tag":"SortApp","name":"SortInt","args":[]},"sort":{"tag":"SortApp","name":"SortGeneratedTopCell","args":[]},"first":{"tag":"EVar","name":"X","sort":{"tag":"SortApp","name":"SortInt","args":[]}},"second":{"tag":"DV","sort":{"tag":"SortApp","name":"SortInt","args":[]},"value":"0"}}}},"rule-id":"6974170fb1496dc2cae5b77afce0c12386d66ce73a4b2344c6512681ba06c70d","rule-predicate":{"format":"KORE","version":1,"term":{"tag":"Not","sort":{"tag":"SortApp","name":"SortGeneratedTopCell","args":[]},"arg":{"tag":"Equals","argSort":{"tag":"SortApp","name":"SortInt","args":[]},"sort":{"tag":"SortApp","name":"SortGeneratedTopCell","args":[]},"first":{"tag":"EVar","name":"X","sort":{"tag":"SortApp","name":"SortInt","args":[]}},"second":{"tag":"DV","sort":{"tag":"SortApp","name":"SortInt","args":[]},"value":"0"}}}},"rule-substitution":{"format":"KORE","version":1,"term":{"tag":"And","sort":{"tag":"SortApp","name":"SortGeneratedTopCell","args":[]},"patterns":[{"tag":"And","sort":{"tag":"SortApp","name":"SortGeneratedTopCell","args":[]},"patterns":[{"tag":"Equals","argSort":{"tag":"SortApp","name":"SortGeneratedCounterCell","args":[]},"sort":{"tag":"SortApp","name":"SortGeneratedTopCell","args":[]},"first":{"tag":"EVar","name":"Var'Unds'DotVar0","sort":{"tag":"SortApp","name":"SortGeneratedCounterCell","args":[]}},"second":{"tag":"App","name":"Lbl'-LT-'generatedCounter'-GT-'","sorts":[],"args":[{"tag":"DV","sort":{"tag":"SortApp","name":"SortInt","args":[]},"value":"0"}]}},{"tag":"Equals","argSort":{"tag":"SortApp","name":"SortK","args":[]},"sort":{"tag":"SortApp","name":"SortGeneratedTopCell","args":[]},"first":{"tag":"EVar","name":"Var'Unds'DotVar2","sort":{"tag":"SortApp","name":"SortK","args":[]}},"second":{"tag":"App","name":"dotk","sorts":[],"args":[]}}]},{"tag":"Equals","argSort":{"tag":"SortApp","name":"SortInt","args":[]},"sort":{"tag":"SortApp","name":"SortGeneratedTopCell","args":[]},"first":{"tag":"EVar","name":"VarV","sort":{"tag":"SortApp","name":"SortInt","args":[]}},"second":{"tag":"EVar","name":"X","sort":{"tag":"SortApp","name":"SortInt","args":[]}}}]}}},{"term":{"format":"KORE","version":1,"term":{"tag":"App","name":"Lbl'-LT-'generatedTop'-GT-'","sorts":[],"args":[{"tag":"App","name":"Lbl'-LT-'T'-GT-'","sorts":[],"args":[{"tag":"App","name":"Lbl'-LT-'k'-GT-'","sorts":[],"args":[{"tag":"App","name":"kseq","sorts":[],"args":[{"tag":"App","name":"inj","sorts":[{"tag":"SortApp","name":"SortState","args":[]},{"tag":"SortApp","name":"SortKItem","args":[]}],"args":[{"tag":"DV","sort":{"tag":"SortApp","name":"SortState","args":[]},"value":"b"}]},{"tag":"App","name":"dotk","sorts":[],"args":[]}]}]},{"tag":"App","name":"Lbl'-LT-'val'-GT-'","sorts":[],"args":[{"tag":"DV","sort":{"tag":"SortApp","name":"SortInt","args":[]},"value":"0"}]}]},{"tag":"App","name":"Lbl'-LT-'generatedCounter'-GT-'","sorts":[],"args":[{"tag":"DV","sort":{"tag":"SortApp","name":"SortInt","args":[]},"value":"0"}]}]}},"substitution":{"format":"KORE","version":1,"term":{"tag":"Equals","argSort":{"tag":"SortApp","name":"SortInt","args":[]},"sort":{"tag":"SortApp","name":"SortGeneratedTopCell","args":[]},"first":{"tag":"EVar","name":"X","sort":{"tag":"SortApp","name":"SortInt","args":[]}},"second":{"tag":"DV","sort":{"tag":"SortApp","name":"SortInt","args":[]},"value":"0"}}},"rule-id":"79cf50846fb75eb486ff134a1a00f1546aee170ae548228b79d8898c12c93d2b","rule-predicate":{"format":"KORE","version":1,"term":{"tag":"Equals","argSort":{"tag":"SortApp","name":"SortInt","args":[]},"sort":{"tag":"SortApp","name":"SortGeneratedTopCell","args":[]},"first":{"tag":"EVar","name":"X","sort":{"tag":"SortApp","name":"SortInt","args":[]}},"second":{"tag":"DV","sort":{"tag":"SortApp","name":"SortInt","args":[]},"value":"0"}}},"rule-substitution":{"format":"KORE","version":1,"term":{"tag":"And","sort":{"tag":"SortApp","name":"SortGeneratedTopCell","args":[]},"patterns":[{"tag":"And","sort":{"tag":"SortApp","name":"SortGeneratedTopCell","args":[]},"patterns":[{"tag":"And","sort":{"tag":"SortApp","name":"SortGeneratedTopCell","args":[]},"patterns":[{"tag":"Equals","argSort":{"tag":"SortApp","name":"SortGeneratedCounterCell","args":[]},"sort":{"tag":"SortApp","name":"SortGeneratedTopCell","args":[]},"first":{"tag":"EVar","name":"Var'Unds'DotVar0","sort":{"tag":"SortApp","name":"SortGeneratedCounterCell","args":[]}},"second":{"tag":"App","name":"Lbl'-LT-'generatedCounter'-GT-'","sorts":[],"args":[{"tag":"DV","sort":{"tag":"SortApp","name":"SortInt","args":[]},"value":"0"}]}},{"tag":"Equals","argSort":{"tag":"SortApp","name":"SortK","args":[]},"sort":{"tag":"SortApp","name":"SortGeneratedTopCell","args":[]},"first":{"tag":"EVar","name":"Var'Unds'DotVar2","sort":{"tag":"SortApp","name":"SortK","args":[]}},"second":{"tag":"App","name":"dotk","sorts":[],"args":[]}}]},{"tag":"Equals","argSort":{"tag":"SortApp","name":"SortInt","args":[]},"sort":{"tag":"SortApp","name":"SortGeneratedTopCell","args":[]},"first":{"tag":"EVar","name":"VarV","sort":{"tag":"SortApp","name":"SortInt","args":[]}},"second":{"tag":"DV","sort":{"tag":"SortApp","name":"SortInt","args":[]},"value":"0"}}]},{"tag":"Equals","argSort":{"tag":"SortApp","name":"SortInt","args":[]},"sort":{"tag":"SortApp","name":"SortGeneratedTopCell","args":[]},"first":{"tag":"EVar","name":"X","sort":{"tag":"SortApp","name":"SortInt","args":[]}},"second":{"tag":"DV","sort":{"tag":"SortApp","name":"SortInt","args":[]},"value":"0"}}]}}}]}}
