  #Not ( {
    1
  #Equals
    bool2Int ( I ==Int 0 )
  } )
#And
  <T>
    <k>
      #done ( bool2Int ( I ==Int 0 ) ) ~> .K
    </k>
  </T>
#And
  {
    true
  #Equals
    I >=Int 0
  }
