<T>
  <k>
    success ~> .K
  </k>
  <a>
    x |-> 1
    y |-> 2
    z |-> 3
  </a>
  <b>
    x |-> 1
    y |-> 2
    z |-> 3
  </b>
</T>
