<T>
  <k>
    success ~> .K
  </k>
  <a>
    .Map
  </a>
  <b>
    .Map
  </b>
</T>
