<k>
  Succ ( Succ ( Succ ( Succ ( Succ ( Succ ( Succ ( Succ ( Zero ) ) ) ) ) ) ) ) ~> .K
</k>
