  #Not ( {
    X
  #Equals
    a
  } )
#And
  #Not ( {
    X
  #Equals
    b
  } )
#And
  <k>
    partial ( X ) ~> .K
  </k>
