{"jsonrpc":"2.0","id":1,"error":{"code":4,"data":{"context":["RHS: \\and{SortK{}}(     /* term: */ /* D Spa */ \\or{SortK{}}( /* T Fn D Sfa */ ConfigX:SortK{}, /* Spa */ \\not{SortK{}}( /* T Fn D Sfa */ ConfigX:SortK{} ) ), \\and{SortK{}}(     /* predicate: */ /* D Sfa */ \\top{SortK{}}(),     /* substitution: */ \\top{SortK{}}() ))"],"error":"Term does not simplify to a singleton pattern"},"message":"Implication check error"}}
