{"result":{"state":{"term":{"format":"KORE","term":{"args":[{"args":[{"args":[{"args":[{"tag":"DV","value":"d","sort":{"args":[],"tag":"SortApp","name":"SortState"}}],"tag":"App","sorts":[{"args":[],"tag":"SortApp","name":"SortState"},{"args":[],"tag":"SortApp","name":"SortKItem"}],"name":"inj"},{"args":[],"tag":"App","sorts":[],"name":"dotk"}],"tag":"App","sorts":[],"name":"kseq"}],"tag":"App","sorts":[],"name":"Lbl'-LT-'k'-GT-'"},{"args":[{"tag":"DV","value":"0","sort":{"args":[],"tag":"SortApp","name":"SortInt"}}],"tag":"App","sorts":[],"name":"Lbl'-LT-'generatedCounter'-GT-'"}],"tag":"App","sorts":[],"name":"Lbl'-LT-'generatedTop'-GT-'"},"version":1}},"rule":"TEST.DE","next-states":[{"term":{"format":"KORE","term":{"args":[{"args":[{"args":[{"args":[{"tag":"DV","value":"e","sort":{"args":[],"tag":"SortApp","name":"SortState"}}],"tag":"App","sorts":[{"args":[],"tag":"SortApp","name":"SortState"},{"args":[],"tag":"SortApp","name":"SortKItem"}],"name":"inj"},{"args":[],"tag":"App","sorts":[],"name":"dotk"}],"tag":"App","sorts":[],"name":"kseq"}],"tag":"App","sorts":[],"name":"Lbl'-LT-'k'-GT-'"},{"args":[{"tag":"DV","value":"0","sort":{"args":[],"tag":"SortApp","name":"SortInt"}}],"tag":"App","sorts":[],"name":"Lbl'-LT-'generatedCounter'-GT-'"}],"tag":"App","sorts":[],"name":"Lbl'-LT-'generatedTop'-GT-'"},"version":1}}],"reason":"cut-point-rule","depth":1},"jsonrpc":"2.0","id":1}
