<T>
  <k>
    a ~> .K
  </k>
  <s1>
    SetItem ( b )
    SetItem ( c )
  </s1>
</T>
