  <k>
    inkeysResult ( Y:MyId in_keys ( M
    ( X:MyId |-> 0 ) ) ) ~> .K
  </k>
#And
  {
    false
  #Equals
    X:MyId in_keys ( M )
  }
