  <k>
    lookupResult ( ( MAP
    Z:MyId |-> 1 ) [ Y:MyId <- 2 ] [ Z:MyId ] ~> .K ) ~> .K
  </k>
#And
  {
    false
  #Equals
    Z:MyId in_keys ( MAP )
  }
