  #Not ( {
    X
  #Equals
    Z
  } )
#And
  <k>
    lookupResult ( ( MAP
    X:MyId |-> 1 ) [ Y:MyId <- 2 ] [ Z:MyId ] ~> .K ) ~> .K
  </k>
#And
  {
    false
  #Equals
    X:MyId in_keys ( MAP )
  }
#And
  {
    true
  #Equals
    Z:MyId in_keys ( ( MAP
    X:MyId |-> 1 ) [ Y:MyId <- 2 ] )
  }
