  <k>
    lookupResult ( 2 ~> .K ) ~> .K
  </k>
#And
  {
    false
  #Equals
    X:MyId in_keys ( MAP )
  }
