  <k>
    removeResult ( ( MAP
    X:MyId |-> 1 ) [ Y:MyId <- undef ] [ Z:MyId ] ~> .K ) ~> .K
  </k>
#And
  {
    false
  #Equals
    X:MyId in_keys ( MAP )
  }
#And
  {
    true
  #Equals
    Z:MyId in_keys ( ( MAP
    X:MyId |-> 1 ) [ Y:MyId <- undef ] )
  }
