  #Not ( {
    Y
  #Equals
    Z
  } )
#And
  <k>
    removeResult ( MAP [ Z:MyId ] ~> .K ) ~> .K
  </k>
#And
  {
    false
  #Equals
    Y:MyId in_keys ( MAP )
  }
#And
  {
    true
  #Equals
    Z:MyId in_keys ( MAP )
  }
