{"jsonrpc":"2.0","id":1,"result":{"module":"m8e723e34b156f187e7cce8658dbb513244788a1ab81c1f496b909b1a2d1cc0c3"}}
