<generatedTop>
  <k>
    b ~> .K
  </k>
  <state>
    SetItem ( b )
    SetItem ( c )
  </state>
</generatedTop>
