requires "verification.k"

module LEMMAS-NO-SMT-SPEC
  imports VERIFICATION
  imports K-EQUAL

  claim <k> runLemma ( bool2Word( B:Bool ) ==Int 1 )   => doneLemma ( B ==K true ) ... </k>

endmodule
