{"jsonrpc":"2.0","id":1,"result":{"reason":"terminal-rule","depth":2,"rule":"TEST.DE","state":{"term":{"format":"KORE","version":1,"term":{"tag":"App","name":"Lbl'-LT-'generatedTop'-GT-'","sorts":[],"args":[{"tag":"App","name":"Lbl'-LT-'k'-GT-'","sorts":[],"args":[{"tag":"App","name":"kseq","sorts":[],"args":[{"tag":"App","name":"inj","sorts":[{"tag":"SortApp","name":"SortState","args":[]},{"tag":"SortApp","name":"SortKItem","args":[]}],"args":[{"tag":"DV","sort":{"tag":"SortApp","name":"SortState","args":[]},"value":"e"}]},{"tag":"App","name":"dotk","sorts":[],"args":[]}]}]},{"tag":"App","name":"Lbl'-LT-'generatedCounter'-GT-'","sorts":[],"args":[{"tag":"DV","sort":{"tag":"SortApp","name":"SortInt","args":[]},"value":"0"}]}]}}},"logs":[{"tag":"rewrite","origin":"kore-rpc","result":{"tag":"success","rule-id":"ff014a1391cb03a765bde1287d17bf3bcf43de53891ef00eb786fba0821482f3"}},{"tag":"rewrite","origin":"kore-rpc","result":{"tag":"success","rule-id":"cfd9eb5da65c2181aea38757bfbc0feddbd8a11537d630b53b5c37bc63c37b05"}}]}}
