<T>
  <k>
    c ~> .K
  </k>
  <s1>
    ListItem ( a )
    ListItem ( b )
    ListItem ( c )
  </s1>
</T>
