  {
    Result:GeneratedTopCell
  #Equals
    <k>
      final1 ~> .
    </k>
  }
#Or
  {
    Result:GeneratedTopCell
  #Equals
    <k>
      final2 ~> .
    </k>
  }
