<k>
  "0x2b5ad5c4795c026514f8317c7a215e218dccd6cf" ~> .K
</k>
