<k>
  "0x7e5f4552091a69125d5dfcb7b8c2659029395bdf" ~> .K
</k>
