    The definitions sent to the solver are inconsistent.
