    <k>
      I:Int ~> .K
    </k>
  #And
    {
      Some I:Int
    #Equals
      f ( )
    }
#Or
    <k>
      true ~> .K
    </k>
  #And
    {
      None
    #Equals
      f ( )
    }
