  <k>
    doneTest ( X:Int ~> . ) ~> .
  </k>
#And
  {
    X +Int 5
  #Equals
    Y +Int 7
  }
#And
  {
    true
  #Equals
    #Top
  }
