{"jsonrpc":"2.0","id":1,"error":{"data":{"consequent":{"format":"KORE","version":1,"term":{"tag":"EVar","name":"X","sort":{"tag":"SortVar","name":"S"}}},"antecedent":{"format":"KORE","version":1,"term":{"invalid":"format"}}},"code":-32602,"message":"Invalid params"}}
