<T>
  <k>
    a ~> .K
  </k>
  <l>
    ListItem ( a )
    ListItem ( b )
    ListItem ( c )
  </l>
  <v>
    .K
  </v>
</T>
