<T>
  <k>
    .K
  </k>
  <mem>
    i |-> 2
    m |-> 10
    n |-> 11
    q |-> 0
    r |-> 1
    s |-> 4
    t |-> 0
    x |-> 0
    y |-> 20
    z |-> 10
  </mem>
  <stack>
    .ValStack
  </stack>
</T>
