Json data in files is of different type
  * File test/jsonrpc-examples/foundry-proof.simplify.request: SimplifyM request
  * File test/jsonrpc-examples/state-a.spaghetti-formatted.kore.json: Kore term
