Files test/jsonrpc-examples/state-a.spaghetti-formatted.kore.json and test/jsonrpc-examples/state-a.kore.json are identical Kore terms