Kore (0)> ProveStepsF 100
Proof completed on all branches.

#Top
