10c10
<                 /* Fl Fn D Sfa Cl */ Lbla'Unds'TINY'Unds'S{}()
---
>                 /* Fl Fn D Sfa Cl */ Lblb'Unds'TINY'Unds'S{}()
