{"jsonrpc":"2.0","id":1,"error":{"code":5,"data":{"term":{"format":"KORE","version":1,"term":{"tag":"And","sort":{"tag":"SortApp","name":"SortBool","args":[]},"patterns":[{"tag":"Ceil","argSort":{"tag":"SortApp","name":"SortInt","args":[]},"sort":{"tag":"SortApp","name":"SortBool","args":[]},"arg":{"tag":"App","name":"Lbl'UndsXor-'Int'Unds'","sorts":[],"args":[{"tag":"EVar","name":"X","sort":{"tag":"SortApp","name":"SortInt","args":[]}},{"tag":"DV","sort":{"tag":"SortApp","name":"SortInt","args":[]},"value":"256"}]}},{"tag":"Equals","argSort":{"tag":"SortApp","name":"SortInt","args":[]},"sort":{"tag":"SortApp","name":"SortBool","args":[]},"first":{"tag":"EVar","name":"X","sort":{"tag":"SortApp","name":"SortInt","args":[]}},"second":{"tag":"App","name":"Lbl'UndsXor-'Int'Unds'","sorts":[],"args":[{"tag":"EVar","name":"X","sort":{"tag":"SortApp","name":"SortInt","args":[]}},{"tag":"DV","sort":{"tag":"SortApp","name":"SortInt","args":[]},"value":"256"}]}}]}},"error":"(incomplete (theory arithmetic))"},"message":"Smt solver error"}}
