  #Ceil ( log2Int ( G0 ) )
#And
  #Not ( {
    false
  #Equals
    #gas ( GAVAIL ) <Int log2Int ( G0 ) +Int 1
  } )
#And
  <k>
    doneLemma ( #gas ( GAVAIL ) <Int log2Int ( G0 ) +Int 1 ) ~> _DotVar1 ~> .
  </k>
#And
  {
    true
  #Equals
    0 <Int G0
  }
#And
  {
    true
  #Equals
    G0 <=Int 1
  }
